// Jest Snapshot v1, https://goo.gl/fbAQLP

exports[`Testing new non conformity submit view renders 1`] = `
Object {
  "asFragment": [Function],
  "baseElement": <body>
    <div>
      <button
        class="MuiButtonBase-root MuiButton-root MuiButton-contained MuiButton-containedPrimary"
        tabindex="0"
        type="button"
      >
        <span
          class="MuiButton-label"
        >
          Voltar
        </span>
        <span
          class="MuiTouchRipple-root"
        />
      </button>
      <div>
        <form
          data-testid="new-noncorformity-form"
          id="new-nonconformity-form"
        >
          <div
            class="MuiPaper-root MuiCard-root MuiPaper-elevation1 MuiPaper-rounded"
            style="margin-top: 16px;"
          >
            <div
              class="MuiCardContent-root"
            >
              <div
                class="MuiFormControl-root MuiTextField-root"
                style="margin-top: 18px;"
              >
                <label
                  class="MuiFormLabel-root MuiInputLabel-root MuiInputLabel-formControl MuiInputLabel-animated MuiInputLabel-shrink MuiInputLabel-outlined MuiFormLabel-filled"
                  data-shrink="true"
                >
                  Data da Ocorrência
                </label>
                <div
                  class="MuiInputBase-root MuiOutlinedInput-root MuiInputBase-formControl"
                >
                  <input
                    aria-invalid="false"
                    class="MuiInputBase-input MuiOutlinedInput-input"
                    data-testid="new-nonconformity-ocurrence-date"
                    type="date"
                    value="2020-03-08"
                  />
                  <fieldset
                    aria-hidden="true"
                    class="PrivateNotchedOutline-root-121 MuiOutlinedInput-notchedOutline"
                  >
                    <legend
                      class="PrivateNotchedOutline-legendLabelled-123 PrivateNotchedOutline-legendNotched-124"
                    >
                      <span>
                        Data da Ocorrência
                      </span>
                    </legend>
                  </fieldset>
                </div>
              </div>
              <div
                class="MuiFormControl-root MuiTextField-root MuiFormControl-fullWidth"
                style="margin-top: 18px;"
              >
                <label
                  class="MuiFormLabel-root MuiInputLabel-root MuiInputLabel-formControl MuiInputLabel-animated MuiInputLabel-outlined"
                  data-shrink="false"
                >
                  Descrição
                </label>
                <div
                  class="MuiInputBase-root MuiOutlinedInput-root MuiInputBase-fullWidth MuiInputBase-formControl MuiInputBase-multiline MuiOutlinedInput-multiline"
                >
                  <textarea
                    aria-invalid="false"
                    class="MuiInputBase-input MuiOutlinedInput-input MuiInputBase-inputMultiline MuiOutlinedInput-inputMultiline"
                    data-testid="new-nonconformity-description"
                    rows="10"
                  />
                  <fieldset
                    aria-hidden="true"
                    class="PrivateNotchedOutline-root-121 MuiOutlinedInput-notchedOutline"
                  >
                    <legend
                      class="PrivateNotchedOutline-legendLabelled-123"
                    >
                      <span>
                        Descrição
                      </span>
                    </legend>
                  </fieldset>
                </div>
              </div>
              <div
                class="MuiFormGroup-root MuiFormGroup-row"
                label="Departamento(s)"
              />
              <button
                class="MuiButtonBase-root MuiButton-root MuiButton-contained MuiButton-containedPrimary"
                data-testid="new-nonconformity-submit"
                tabindex="0"
                type="submit"
              >
                <span
                  class="MuiButton-label"
                >
                  Enviar
                </span>
                <span
                  class="MuiTouchRipple-root"
                />
              </button>
            </div>
          </div>
        </form>
      </div>
    </div>
  </body>,
  "container": <div>
    <button
      class="MuiButtonBase-root MuiButton-root MuiButton-contained MuiButton-containedPrimary"
      tabindex="0"
      type="button"
    >
      <span
        class="MuiButton-label"
      >
        Voltar
      </span>
      <span
        class="MuiTouchRipple-root"
      />
    </button>
    <div>
      <form
        data-testid="new-noncorformity-form"
        id="new-nonconformity-form"
      >
        <div
          class="MuiPaper-root MuiCard-root MuiPaper-elevation1 MuiPaper-rounded"
          style="margin-top: 16px;"
        >
          <div
            class="MuiCardContent-root"
          >
            <div
              class="MuiFormControl-root MuiTextField-root"
              style="margin-top: 18px;"
            >
              <label
                class="MuiFormLabel-root MuiInputLabel-root MuiInputLabel-formControl MuiInputLabel-animated MuiInputLabel-shrink MuiInputLabel-outlined MuiFormLabel-filled"
                data-shrink="true"
              >
                Data da Ocorrência
              </label>
              <div
                class="MuiInputBase-root MuiOutlinedInput-root MuiInputBase-formControl"
              >
                <input
                  aria-invalid="false"
                  class="MuiInputBase-input MuiOutlinedInput-input"
                  data-testid="new-nonconformity-ocurrence-date"
                  type="date"
                  value="2020-03-08"
                />
                <fieldset
                  aria-hidden="true"
                  class="PrivateNotchedOutline-root-121 MuiOutlinedInput-notchedOutline"
                >
                  <legend
                    class="PrivateNotchedOutline-legendLabelled-123 PrivateNotchedOutline-legendNotched-124"
                  >
                    <span>
                      Data da Ocorrência
                    </span>
                  </legend>
                </fieldset>
              </div>
            </div>
            <div
              class="MuiFormControl-root MuiTextField-root MuiFormControl-fullWidth"
              style="margin-top: 18px;"
            >
              <label
                class="MuiFormLabel-root MuiInputLabel-root MuiInputLabel-formControl MuiInputLabel-animated MuiInputLabel-outlined"
                data-shrink="false"
              >
                Descrição
              </label>
              <div
                class="MuiInputBase-root MuiOutlinedInput-root MuiInputBase-fullWidth MuiInputBase-formControl MuiInputBase-multiline MuiOutlinedInput-multiline"
              >
                <textarea
                  aria-invalid="false"
                  class="MuiInputBase-input MuiOutlinedInput-input MuiInputBase-inputMultiline MuiOutlinedInput-inputMultiline"
                  data-testid="new-nonconformity-description"
                  rows="10"
                />
                <fieldset
                  aria-hidden="true"
                  class="PrivateNotchedOutline-root-121 MuiOutlinedInput-notchedOutline"
                >
                  <legend
                    class="PrivateNotchedOutline-legendLabelled-123"
                  >
                    <span>
                      Descrição
                    </span>
                  </legend>
                </fieldset>
              </div>
            </div>
            <div
              class="MuiFormGroup-root MuiFormGroup-row"
              label="Departamento(s)"
            />
            <button
              class="MuiButtonBase-root MuiButton-root MuiButton-contained MuiButton-containedPrimary"
              data-testid="new-nonconformity-submit"
              tabindex="0"
              type="submit"
            >
              <span
                class="MuiButton-label"
              >
                Enviar
              </span>
              <span
                class="MuiTouchRipple-root"
              />
            </button>
          </div>
        </div>
      </form>
    </div>
  </div>,
  "debug": [Function],
  "findAllByAltText": [Function],
  "findAllByDisplayValue": [Function],
  "findAllByLabelText": [Function],
  "findAllByPlaceholderText": [Function],
  "findAllByRole": [Function],
  "findAllByTestId": [Function],
  "findAllByText": [Function],
  "findAllByTitle": [Function],
  "findByAltText": [Function],
  "findByDisplayValue": [Function],
  "findByLabelText": [Function],
  "findByPlaceholderText": [Function],
  "findByRole": [Function],
  "findByTestId": [Function],
  "findByText": [Function],
  "findByTitle": [Function],
  "getAllByAltText": [Function],
  "getAllByDisplayValue": [Function],
  "getAllByLabelText": [Function],
  "getAllByPlaceholderText": [Function],
  "getAllByRole": [Function],
  "getAllByTestId": [Function],
  "getAllByText": [Function],
  "getAllByTitle": [Function],
  "getByAltText": [Function],
  "getByDisplayValue": [Function],
  "getByLabelText": [Function],
  "getByPlaceholderText": [Function],
  "getByRole": [Function],
  "getByTestId": [Function],
  "getByText": [Function],
  "getByTitle": [Function],
  "queryAllByAltText": [Function],
  "queryAllByDisplayValue": [Function],
  "queryAllByLabelText": [Function],
  "queryAllByPlaceholderText": [Function],
  "queryAllByRole": [Function],
  "queryAllByTestId": [Function],
  "queryAllByText": [Function],
  "queryAllByTitle": [Function],
  "queryByAltText": [Function],
  "queryByDisplayValue": [Function],
  "queryByLabelText": [Function],
  "queryByPlaceholderText": [Function],
  "queryByRole": [Function],
  "queryByTestId": [Function],
  "queryByText": [Function],
  "queryByTitle": [Function],
  "rerender": [Function],
  "unmount": [Function],
}
`;
