// Jest Snapshot v1, https://goo.gl/fbAQLP

exports[`Testing non conformity details screen renders 1`] = `
Object {
  "asFragment": [Function],
  "baseElement": <body>
    <div>
      <button
        class="MuiButtonBase-root MuiButton-root MuiButton-contained MuiButton-containedPrimary"
        tabindex="0"
        type="button"
      >
        <span
          class="MuiButton-label"
        >
          Voltar
        </span>
        <span
          class="MuiTouchRipple-root"
        />
      </button>
      <div
        class="MuiPaper-root MuiCard-root MuiPaper-elevation1 MuiPaper-rounded"
        style="margin-top: 20px;"
      >
        <div
          class="MuiCardContent-root"
        >
          <h6
            class="MuiTypography-root MuiTypography-h6"
            style="display: flex; justify-content: space-between; margin-bottom: 8px;"
          >
            <div>
              #
            </div>
            <div />
          </h6>
          <p
            class="MuiTypography-root MuiTypography-body2"
          />
        </div>
        <div
          class="MuiCardContent-root"
        />
      </div>
      <button
        class="MuiButtonBase-root MuiButton-root MuiButton-contained MuiButton-containedPrimary"
        data-testid="new-correctiveaction-open-dialog"
        style="margin-top: 20px;"
        tabindex="0"
        type="button"
      >
        <span
          class="MuiButton-label"
        >
          Nova ação
        </span>
        <span
          class="MuiTouchRipple-root"
        />
      </button>
      <div />
    </div>
  </body>,
  "container": <div>
    <button
      class="MuiButtonBase-root MuiButton-root MuiButton-contained MuiButton-containedPrimary"
      tabindex="0"
      type="button"
    >
      <span
        class="MuiButton-label"
      >
        Voltar
      </span>
      <span
        class="MuiTouchRipple-root"
      />
    </button>
    <div
      class="MuiPaper-root MuiCard-root MuiPaper-elevation1 MuiPaper-rounded"
      style="margin-top: 20px;"
    >
      <div
        class="MuiCardContent-root"
      >
        <h6
          class="MuiTypography-root MuiTypography-h6"
          style="display: flex; justify-content: space-between; margin-bottom: 8px;"
        >
          <div>
            #
          </div>
          <div />
        </h6>
        <p
          class="MuiTypography-root MuiTypography-body2"
        />
      </div>
      <div
        class="MuiCardContent-root"
      />
    </div>
    <button
      class="MuiButtonBase-root MuiButton-root MuiButton-contained MuiButton-containedPrimary"
      data-testid="new-correctiveaction-open-dialog"
      style="margin-top: 20px;"
      tabindex="0"
      type="button"
    >
      <span
        class="MuiButton-label"
      >
        Nova ação
      </span>
      <span
        class="MuiTouchRipple-root"
      />
    </button>
    <div />
  </div>,
  "debug": [Function],
  "findAllByAltText": [Function],
  "findAllByDisplayValue": [Function],
  "findAllByLabelText": [Function],
  "findAllByPlaceholderText": [Function],
  "findAllByRole": [Function],
  "findAllByTestId": [Function],
  "findAllByText": [Function],
  "findAllByTitle": [Function],
  "findByAltText": [Function],
  "findByDisplayValue": [Function],
  "findByLabelText": [Function],
  "findByPlaceholderText": [Function],
  "findByRole": [Function],
  "findByTestId": [Function],
  "findByText": [Function],
  "findByTitle": [Function],
  "getAllByAltText": [Function],
  "getAllByDisplayValue": [Function],
  "getAllByLabelText": [Function],
  "getAllByPlaceholderText": [Function],
  "getAllByRole": [Function],
  "getAllByTestId": [Function],
  "getAllByText": [Function],
  "getAllByTitle": [Function],
  "getByAltText": [Function],
  "getByDisplayValue": [Function],
  "getByLabelText": [Function],
  "getByPlaceholderText": [Function],
  "getByRole": [Function],
  "getByTestId": [Function],
  "getByText": [Function],
  "getByTitle": [Function],
  "queryAllByAltText": [Function],
  "queryAllByDisplayValue": [Function],
  "queryAllByLabelText": [Function],
  "queryAllByPlaceholderText": [Function],
  "queryAllByRole": [Function],
  "queryAllByTestId": [Function],
  "queryAllByText": [Function],
  "queryAllByTitle": [Function],
  "queryByAltText": [Function],
  "queryByDisplayValue": [Function],
  "queryByLabelText": [Function],
  "queryByPlaceholderText": [Function],
  "queryByRole": [Function],
  "queryByTestId": [Function],
  "queryByText": [Function],
  "queryByTitle": [Function],
  "rerender": [Function],
  "unmount": [Function],
}
`;
